// Jest Snapshot v1, https://goo.gl/fbAQLP

exports[`SearchResults renders 'No results' when results are not provided 1`] = `
<DocumentFragment>
  <p
    class="no-results"
  >
    No results
  </p>
</DocumentFragment>
`;
